error: custom attribute panicked
 --> tests/ui/task/missing_peripherals_param.rs:4:1
  |
4 | #[ariel_os::task(autostart)]
  | ^^^^^^^^^^^^^^^^^^^^^^^^^^^^
  |
  = help: message: to provide this function with peripherals, use the `peripherals` macro parameter
