error: custom attribute panicked
 --> tests/ui/task/non_async_fn.rs:4:1
  |
4 | #[ariel_os::task]
  | ^^^^^^^^^^^^^^^^^
  |
  = help: message: the function must be async
